
> @dakshinkali/admin@0.1.0 build C:\Users\sulov\OneDrive\Desktop\dakshinkali\apps\admin
> next build

⚠ Warning: Next.js inferred your workspace root, but it may not be correct.
 We detected multiple lockfiles and selected the directory of C:\Users\sulov\package-lock.json as the root directory.
 To silence this warning, set `turbopack.root` in your Next.js config, or consider removing one of the lockfiles if it's not needed.
   See https://nextjs.org/docs/app/api-reference/config/next-config-js/turbopack#root-directory for more information.
 Detected additional lockfiles: 
   * C:\Users\sulov\OneDrive\Desktop\dakshinkali\pnpm-workspace.yaml

▲ Next.js 16.2.4 (Turbopack)
- Environments: .env.local

⚠ The "middleware" file convention is deprecated. Please use "proxy" instead. Learn more: https://nextjs.org/docs/messages/middleware-to-proxy
  Creating an optimized production build ...
✓ Compiled successfully in 15.4s
  Running TypeScript ...
  Finished TypeScript in 12.0s ...
  Collecting page data using 11 workers ...
  Generating static pages using 11 workers (0/20) ...
  Generating static pages using 11 workers (5/20) 
  Generating static pages using 11 workers (10/20) 
  Generating static pages using 11 workers (15/20) 
✓ Generating static pages using 11 workers (20/20) in 1092ms
  Finalizing page optimization ...

Route (app)
┌ ○ /
├ ○ /_not-found
├ ƒ /admin
├ ƒ /admin/blog
├ ƒ /admin/blog/[id]/edit
├ ƒ /admin/blog/new
├ ƒ /admin/categories
├ ƒ /admin/coupons
├ ƒ /admin/manage/staff
├ ƒ /admin/orders
├ ƒ /admin/orders/[id]
├ ƒ /admin/orders/approval
├ ƒ /admin/orders/board
├ ƒ /admin/products
├ ƒ /admin/products/[id]/edit
├ ƒ /admin/products/new
├ ƒ /admin/setup-access
├ ƒ /api/admin/fcm-token
├ ƒ /api/env-check
├ ƒ /api/firebase-config
├ ƒ /auth/callback
└ ƒ /login


ƒ Proxy (Middleware)

○  (Static)   prerendered as static content
ƒ  (Dynamic)  server-rendered on demand

